[logisticaofc.com/REFTXGU/verificar1ab9.html]
[logisticaofc.com/REFTXGU/index.html]
[logisticaofc.com/REFTXGU/pagamentod7c0.html]
[logisticaofc.com/REFTXGU/taxa0738.html]
[backblue.gif]
[fade.gif]
[index.html]
[logisticaofc.com/REFTXGU/css/bootstrap.min.css]
[logisticaofc.com/REFTXGU/css/custom.css]
[code.jquery.com/jquery-3.6.0.min.js]
[cdnjs.cloudflare.com/ajax/libs/font-awesome/6.5.2/css/all.min.css]
[logisticaofc.com/REFTXGU/images/banners-seu_correios_994.jpg]
[logisticaofc.com/REFTXGU/images/rodape-monitor.png]
[logisticaofc.com/REFTXGU/images/rodape-duvida.png]
[logisticaofc.com/REFTXGU/images/rodape-negocios.png]
[logisticaofc.com/REFTXGU/images/rodape-headset.png]
[logisticaofc.com/REFTXGU/images/rodape-ouvidoria.png]
[logisticaofc.com/REFTXGU/images/rodape-denuncia.png]
[logisticaofc.com/REFTXGU/images/rodape-identidade.png]
[logisticaofc.com/REFTXGU/images/rodape-educacao.png]
[logisticaofc.com/REFTXGU/images/rodape-codigo-etica.png]
[logisticaofc.com/REFTXGU/images/rodape-transparencia.png]
[logisticaofc.com/REFTXGU/images/rodape-cadeado.png]
[logisticaofc.com/REFTXGU/images/rodape-loja-correios.png]
[logisticaofc.com/REFTXGU/js/bootstrap.js]
[logisticaofc.com/REFTXGU/index.html]
[logisticaofc.com/REFTXGU/js/bootstrap.bundle.min.js]
[logisticaofc.com/REFTXGU/images/1.png]
[logisticaofc.com/REFTXGU/images/correios-sf.png]
[logisticaofc.com/REFTXGU/images/aguardando-pagamento.png]
[logisticaofc.com/REFTXGU/images/caminhao-cor.png]
[logisticaofc.com/REFTXGU/images/brazil.png]
[logisticaofc.com/REFTXGU/images/agencia-cor.png]
[logisticaofc.com/REFTXGU/images/popup.webp]
[logisticaofc.com/REFTXGU/verificar1ab9.html]
[logisticaofc.com/REFTXGU/images/24hr.jpg]
[logisticaofc.com/REFTXGU/pagamentod7c0.html]
[logisticaofc.com/REFTXGU/taxa0738.html]
[logisticaofc.com/REFTXGU/images/favi-ect.html]
[logisticaofc.com/REFTXGU/css/bootstrap.min.css]
[cdn.jsdelivr.net/npm/qrcode/build/qrcode.min.js]
[logisticaofc.com/REFTXGU/css/cores.css]
[logisticaofc.com/REFTXGU/css/menu.css]
[logisticaofc.com/REFTXGU/css/acessibilidade.css]
[logisticaofc.com/REFTXGU/css/footer.css]
[logisticaofc.com/REFTXGU/css/forms.css]
[logisticaofc.com/REFTXGU/css/botoes.css]
[logisticaofc.com/REFTXGU/css/global.css]
[logisticaofc.com/REFTXGU/css/bunker.css]
[logisticaofc.com/REFTXGU/css/custom.css]
[cdnjs.cloudflare.com/ajax/libs/font-awesome/6.5.2/css/all.min.css]
[logisticaofc.com/REFTXGU/css/cores.css]
[logisticaofc.com/REFTXGU/images/logo-ect.svg]
[logisticaofc.com/REFTXGU/images/bg-amarelo.svg]
[logisticaofc.com/REFTXGU/css/menu.css]
[logisticaofc.com/REFTXGU/css/acessibilidade.css]
[logisticaofc.com/REFTXGU/css/footer.css]
[logisticaofc.com/REFTXGU/css/forms.css]
[logisticaofc.com/REFTXGU/css/botoes.css]
[logisticaofc.com/REFTXGU/css/global.css]
[logisticaofc.com/REFTXGU/css/bunker.css]
[logisticaofc.com/REFTXGU/images/logo-ect.svg]
[logisticaofc.com/REFTXGU/images/menu.svg]
[logisticaofc.com/REFTXGU/images/menu-open.html]
[logisticaofc.com/REFTXGU/images/arrow-down.svg]
[logisticaofc.com/REFTXGU/images/arrow-up.html]
[logisticaofc.com/REFTXGU/images/pesquisar.html]
[logisticaofc.com/REFTXGU/images/entrar.html]
[logisticaofc.com/REFTXGU/images/arrow-right-blue.html]
[logisticaofc.com/REFTXGU/images/arrow-left.html]
[logisticaofc.com/REFTXGU/images/bg-amarelo.svg]
[logisticaofc.com/REFTXGU/images/monitor-blue.html]
[logisticaofc.com/REFTXGU/images/monitor-brown.html]
[logisticaofc.com/REFTXGU/images/arrow-right-brown.html]
[logisticaofc.com/REFTXGU/images/find-blue.html]
[logisticaofc.com/REFTXGU/images/find-brown.html]
[logisticaofc.com/REFTXGU/images/phone-blue.html]
[logisticaofc.com/REFTXGU/images/phone-brown.html]
[logisticaofc.com/REFTXGU/images/people-blue.html]
[logisticaofc.com/REFTXGU/images/people-brown.html]
[logisticaofc.com/REFTXGU/images/chat-blue.html]
[logisticaofc.com/REFTXGU/images/chat-brown.html]
[logisticaofc.com/REFTXGU/images/find-person-blue.html]
[logisticaofc.com/REFTXGU/images/find-person-brown.html]
[logisticaofc.com/REFTXGU/images/help-blue.html]
[logisticaofc.com/REFTXGU/images/help-brown.html]
[logisticaofc.com/REFTXGU/images/expand-blue.html]
[logisticaofc.com/REFTXGU/images/expand-brown.html]
[logisticaofc.com/REFTXGU/img/arrow-up.html]
[logisticaofc.com/REFTXGU/img/bandeira-brasil.html]
[logisticaofc.com/REFTXGU/img/close-blue.html]
[logisticaofc.com/REFTXGU/img/close-brown.html]
[logisticaofc.com/REFTXGU/img/alto-contraste-blue.html]
[logisticaofc.com/REFTXGU/img/teclado-blue.html]
[logisticaofc.com/REFTXGU/img/mouse-blue.html]
[logisticaofc.com/REFTXGU/img/libras.html]
[logisticaofc.com/REFTXGU/img/marcador-blue.html]
[logisticaofc.com/REFTXGU/img/menu.html]
[logisticaofc.com/REFTXGU/img/menu-open.html]
[logisticaofc.com/REFTXGU/img/more-vert.html]
[logisticaofc.com/REFTXGU/img/back.html]
[logisticaofc.com/REFTXGU/img/room.html]
[logisticaofc.com/REFTXGU/img/person-pin.html]
[logisticaofc.com/REFTXGU/img/search.html]
[logisticaofc.com/REFTXGU/img/checkbox.html]
[logisticaofc.com/REFTXGU/img/checkbox-checked.html]
[logisticaofc.com/REFTXGU/img/edit.html]
[logisticaofc.com/REFTXGU/img/delete.html]
[logisticaofc.com/REFTXGU/img/input.html]
[logisticaofc.com/REFTXGU/img/add.html]
[logisticaofc.com/REFTXGU/img/next.html]
[logisticaofc.com/REFTXGU/img/person.html]
[logisticaofc.com/REFTXGU/img/check.html]
[logisticaofc.com/REFTXGU/img/check-checked.html]
[logisticaofc.com/REFTXGU/img/filter.html]
[logisticaofc.com/REFTXGU/img/tune.html]
[logisticaofc.com/REFTXGU/img/tune-blue.html]
[logisticaofc.com/REFTXGU/img/share.html]
[logisticaofc.com/REFTXGU/img/swap.html]
[logisticaofc.com/REFTXGU/core/templates/bunker/img/arrow-left.html]
[logisticaofc.com/REFTXGU/core/templates/bunker/img/arrow-right-black.html]
[logisticaofc.com/REFTXGU/img/arrow-right-black.html]
[logisticaofc.com/REFTXGU/img/loading-dark.html]
